Copyright 1986-2022 Xilinx, Inc. All Rights Reserved. Copyright 2022-2025 Advanced Micro Devices, Inc. All Rights Reserved.
---------------------------------------------------------------------------------------------------------------------------------------------
| Tool Version : Vivado v.2025.2 (win64) Build 6299465 Fri Nov 14 19:35:11 GMT 2025
| Date         : Sun Mar 22 14:05:43 2026
| Host         : Mercury running 64-bit major release  (build 9200)
| Command      : report_control_sets -verbose -file place_report_control_sets_0.rpt
| Design       : led
| Device       : xcve2302
---------------------------------------------------------------------------------------------------------------------------------------------

Control Set Information

Table of Contents
-----------------
1. Summary
2. Histogram
3. Flip-Flop Distribution
4. Detailed Control Set Information

1. Summary
----------

+----------------------------------------------------------+-------+
|                          Status                          | Count |
+----------------------------------------------------------+-------+
| Total control sets                                       |    79 |
|    Minimum number of control sets                        |    79 |
|    Addition due to synthesis replication                 |     0 |
|    Addition due to physical synthesis replication        |     0 |
| Unused register locations in slices containing registers |   100 |
+----------------------------------------------------------+-------+
* Control sets can be merged at opt_design using control_set_merge or merge_equivalent_drivers
** Run report_qor_suggestions for automated merging and remapping suggestions


2. Histogram
------------

+--------------------+-------+
|       Fanout       | Count |
+--------------------+-------+
| Total control sets |    79 |
| >= 0 to < 4        |    30 |
| >= 4 to < 6        |     4 |
| >= 6 to < 8        |     4 |
| >= 8 to < 10       |    15 |
| >= 10 to < 12      |     3 |
| >= 12 to < 14      |     1 |
| >= 14 to < 16      |     1 |
| >= 16              |    21 |
+--------------------+-------+
* Control sets can be remapped at either synth_design or opt_design


3. Flip-Flop Distribution
-------------------------

+--------------+-----------------------+------------------------+-----------------+--------------+
| Clock Enable | Synchronous Set/Reset | Asynchronous Set/Reset | Total Registers | Total Slices |
+--------------+-----------------------+------------------------+-----------------+--------------+
| No           | No                    | No                     |             119 |           28 |
| No           | No                    | Yes                    |              27 |            5 |
| No           | Yes                   | No                     |             105 |           46 |
| Yes          | No                    | No                     |             272 |           40 |
| Yes          | No                    | Yes                    |               0 |            0 |
| Yes          | Yes                   | No                     |             505 |           83 |
+--------------+-----------------------+------------------------+-----------------+--------------+


4. Detailed Control Set Information
-----------------------------------

+---------------------------------------------------+--------------------------------------------------------------------------------------------------------------------------------------------------------------------+-------------------------------------------------------------------------------------------------------------------------------------------------------+------------------+----------------+--------------+
|                    Clock Signal                   |                                                                            Enable Signal                                                                           |                                                                    Set/Reset Signal                                                                   | Slice Load Count | Bel Load Count | Bels / Slice |
+---------------------------------------------------+--------------------------------------------------------------------------------------------------------------------------------------------------------------------+-------------------------------------------------------------------------------------------------------------------------------------------------------+------------------+----------------+--------------+
|  ps_block/versal_cips_0/U0/pspmc_0/U0/pl0_ref_clk |                                                                                                                                                                    | ps_block/axi_smc/inst/s00_nodes/s00_b_node/inst/s_sc_areset_pipe                                                                                      |                1 |              1 |         1.00 |
|  ps_block/versal_cips_0/U0/pspmc_0/U0/pl0_ref_clk |                                                                                                                                                                    | ps_block/axi_smc/inst/s00_nodes/s00_aw_node/inst/s_sc_areset_pipe                                                                                     |                1 |              1 |         1.00 |
|  ps_block/versal_cips_0/U0/pspmc_0/U0/pl0_ref_clk |                                                                                                                                                                    | ps_block/axi_smc/inst/s00_nodes/s00_r_node/inst/s_sc_areset_pipe                                                                                      |                1 |              1 |         1.00 |
|  ps_block/versal_cips_0/U0/pspmc_0/U0/pl0_ref_clk |                                                                                                                                                                    | ps_block/axi_smc/inst/s00_nodes/s00_ar_node/inst/s_sc_areset_pipe                                                                                     |                1 |              1 |         1.00 |
|  ps_block/versal_cips_0/U0/pspmc_0/U0/pl0_ref_clk |                                                                                                                                                                    | ps_block/axi_smc/inst/s00_nodes/s00_w_node/inst/s_sc_areset_pipe                                                                                      |                1 |              1 |         1.00 |
|  ps_block/versal_cips_0/U0/pspmc_0/U0/pl0_ref_clk |                                                                                                                                                                    | ps_block/axi_smc/inst/s00_nodes/s00_b_node/inst/inst_mi_handler/areset_r                                                                              |                1 |              2 |         2.00 |
|  ps_block/versal_cips_0/U0/pspmc_0/U0/pl0_ref_clk |                                                                                                                                                                    | ps_block/axi_smc/inst/s00_entry_pipeline/s00_transaction_regulator/inst/gen_endpoint.gen_w_singleorder.w_singleorder/gen_id_reg.aresetn_d_reg_n_0_[0] |                1 |              2 |         2.00 |
|  ps_block/versal_cips_0/U0/pspmc_0/U0/pl0_ref_clk |                                                                                                                                                                    | ps_block/axi_smc/inst/s00_entry_pipeline/s00_transaction_regulator/inst/areset                                                                        |                1 |              2 |         2.00 |
|  ps_block/versal_cips_0/U0/pspmc_0/U0/pl0_ref_clk | ps_block/axi_smc/inst/s00_entry_pipeline/s00_si_converter/inst/gen_axilite_conv.axilite_conv_inst/r_state[0]                                                       | ps_block/axi_smc/inst/s00_entry_pipeline/s00_si_converter/inst/areset                                                                                 |                1 |              2 |         2.00 |
|  ps_block/versal_cips_0/U0/pspmc_0/U0/pl0_ref_clk | ps_block/axi_smc/inst/s00_entry_pipeline/s00_si_converter/inst/gen_axilite_conv.axilite_conv_inst/ar_start_addr_align[1]_i_1_n_0                                   | ps_block/axi_smc/inst/s00_entry_pipeline/s00_si_converter/inst/areset                                                                                 |                1 |              2 |         2.00 |
|  ps_block/versal_cips_0/U0/pspmc_0/U0/pl0_ref_clk | ps_block/MyLEDIP_0/U0/axi_araddr[3]_i_1_n_0                                                                                                                        |                                                                                                                                                       |                1 |              2 |         2.00 |
|  ps_block/versal_cips_0/U0/pspmc_0/U0/pl0_ref_clk |                                                                                                                                                                    | ps_block/axi_smc/inst/s00_nodes/s00_r_node/inst/inst_mi_handler/areset_r                                                                              |                1 |              2 |         2.00 |
|  ps_block/versal_cips_0/U0/pspmc_0/U0/pl0_ref_clk |                                                                                                                                                                    | ps_block/axi_smc/inst/s00_nodes/s00_w_node/inst/inst_mi_handler/areset_r                                                                              |                1 |              2 |         2.00 |
|  ps_block/versal_cips_0/U0/pspmc_0/U0/pl0_ref_clk | ps_block/axi_smc/inst/s00_nodes/s00_aw_node/inst/inst_mi_handler/gen_normal_area.inst_fifo_node_payld/gen_reg_fifo.inst_reg_fifo/gen_single_rank.data[156]_i_1_n_0 |                                                                                                                                                       |                1 |              2 |         2.00 |
|  ps_block/versal_cips_0/U0/pspmc_0/U0/pl0_ref_clk |                                                                                                                                                                    | ps_block/axi_smc/inst/s00_nodes/s00_ar_node/inst/inst_mi_handler/areset_r                                                                             |                1 |              2 |         2.00 |
|  ps_block/versal_cips_0/U0/pspmc_0/U0/pl0_ref_clk |                                                                                                                                                                    | ps_block/axi_smc/inst/s00_nodes/s00_aw_node/inst/inst_mi_handler/areset_r                                                                             |                1 |              2 |         2.00 |
|  ps_block/versal_cips_0/U0/pspmc_0/U0/pl0_ref_clk | ps_block/axi_smc/inst/s00_nodes/s00_ar_node/inst/inst_mi_handler/gen_normal_area.inst_fifo_node_payld/gen_reg_fifo.inst_reg_fifo/gen_single_rank.data[156]_i_1_n_0 |                                                                                                                                                       |                1 |              2 |         2.00 |
|  ps_block/versal_cips_0/U0/pspmc_0/U0/pl0_ref_clk |                                                                                                                                                                    | ps_block/axi_smc/inst/s00_entry_pipeline/s00_mmu/inst/areset_d                                                                                        |                1 |              2 |         2.00 |
|  ps_block/versal_cips_0/U0/pspmc_0/U0/pl0_ref_clk | ps_block/axi_smc/inst/s00_entry_pipeline/s00_si_converter/inst/gen_axilite_conv.axilite_conv_inst/s_axi_rresp_i[1]_i_1_n_0                                         | ps_block/axi_smc/inst/s00_entry_pipeline/s00_si_converter/inst/areset                                                                                 |                1 |              2 |         2.00 |
|  ps_block/versal_cips_0/U0/pspmc_0/U0/pl0_ref_clk | ps_block/axi_smc/inst/s00_entry_pipeline/s00_si_converter/inst/gen_axilite_conv.axilite_conv_inst/s_axi_bresp_i[1]_i_2_n_0                                         | ps_block/axi_smc/inst/s00_entry_pipeline/s00_si_converter/inst/gen_axilite_conv.axilite_conv_inst/s_axi_bresp_i[1]_i_1_n_0                            |                1 |              2 |         2.00 |
|  ps_block/versal_cips_0/U0/pspmc_0/U0/pl0_ref_clk |                                                                                                                                                                    | ps_block/axi_smc/inst/m00_exit_pipeline/m00_exit/inst/exit_inst/gen_w_cmd_reg.aresetn_d_reg_n_0_[0]                                                   |                1 |              2 |         2.00 |
|  ps_block/versal_cips_0/U0/pspmc_0/U0/pl0_ref_clk |                                                                                                                                                                    | ps_block/axi_smc/inst/m00_exit_pipeline/m00_exit/inst/areset                                                                                          |                1 |              2 |         2.00 |
|  ps_block/versal_cips_0/U0/pspmc_0/U0/pl0_ref_clk | ps_block/MyLEDIP_0/U0/FSM_sequential_state_write[1]_i_1_n_0                                                                                                        | ps_block/rst_versal_cips_0_100M/U0/peripheral_aresetn[0]                                                                                              |                1 |              2 |         2.00 |
|  ps_block/versal_cips_0/U0/pspmc_0/U0/pl0_ref_clk | ps_block/MyLEDIP_0/U0/FSM_sequential_state_read[1]_i_1_n_0                                                                                                         | ps_block/rst_versal_cips_0_100M/U0/peripheral_aresetn[0]                                                                                              |                1 |              2 |         2.00 |
|  ps_block/versal_cips_0/U0/pspmc_0/U0/pl0_ref_clk | ps_block/MyLEDIP_0/U0/axi_awaddr[3]_i_1_n_0                                                                                                                        |                                                                                                                                                       |                1 |              2 |         2.00 |
|  ps_block/versal_cips_0/U0/pspmc_0/U0/pl0_ref_clk | ps_block/axi_smc/inst/s00_entry_pipeline/s00_mmu/inst/aw_reg_stall/E[0]                                                                                            | ps_block/axi_smc/inst/s00_entry_pipeline/s00_mmu/inst/areset                                                                                          |                1 |              2 |         2.00 |
|  ps_block/versal_cips_0/U0/pspmc_0/U0/pl0_ref_clk | ps_block/axi_smc/inst/s00_entry_pipeline/s00_si_converter/inst/gen_axilite_conv.axilite_conv_inst/w_state[0]                                                       | ps_block/axi_smc/inst/s00_entry_pipeline/s00_si_converter/inst/areset                                                                                 |                2 |              3 |         1.50 |
|  ps_block/versal_cips_0/U0/pspmc_0/U0/pl0_ref_clk | ps_block/axi_smc/inst/s00_entry_pipeline/s00_mmu/inst/ar_reg_stall/state                                                                                           | ps_block/axi_smc/inst/s00_entry_pipeline/s00_mmu/inst/areset                                                                                          |                2 |              3 |         1.50 |
|  ps_block/versal_cips_0/U0/pspmc_0/U0/pl0_ref_clk | ps_block/axi_smc/inst/s00_entry_pipeline/s00_mmu/inst/aw_reg_stall/state                                                                                           | ps_block/axi_smc/inst/s00_entry_pipeline/s00_mmu/inst/areset                                                                                          |                1 |              3 |         3.00 |
|  ps_block/versal_cips_0/U0/pspmc_0/U0/pl0_ref_clk | ps_block/axi_smc/inst/s00_entry_pipeline/s00_mmu/inst/gen_endpoint.decerr_slave_inst/gen_axi.gen_write.write_cs[0]                                                 | ps_block/axi_smc/inst/s00_entry_pipeline/s00_mmu/inst/areset                                                                                          |                2 |              3 |         1.50 |
|  ps_block/versal_cips_0/U0/pspmc_0/U0/pl0_ref_clk |                                                                                                                                                                    | ps_block/rst_versal_cips_0_100M/U0/EXT_LPF/lpf_int0                                                                                                   |                2 |              4 |         2.00 |
|  ps_block/versal_cips_0/U0/pspmc_0/U0/pl0_ref_clk |                                                                                                                                                                    | ps_block/axi_smc/inst/clk_map/psr_aclk/U0/EXT_LPF/lpf_int                                                                                             |                2 |              4 |         2.00 |
|  ps_block/versal_cips_0/U0/pspmc_0/U0/pl0_ref_clk | ps_block/axi_smc/inst/s00_entry_pipeline/s00_si_converter/inst/gen_axilite_conv.axilite_conv_inst/s_r_pointer[3]_i_1_n_0                                           | ps_block/axi_smc/inst/s00_entry_pipeline/s00_si_converter/inst/areset                                                                                 |                2 |              4 |         2.00 |
|  ps_block/versal_cips_0/U0/pspmc_0/U0/pl0_ref_clk | ps_block/axi_smc/inst/s00_entry_pipeline/s00_mmu/inst/ar_reg_stall/E[0]                                                                                            | ps_block/axi_smc/inst/s00_entry_pipeline/s00_mmu/inst/areset                                                                                          |                1 |              4 |         4.00 |
|  ps_block/versal_cips_0/U0/pspmc_0/U0/pl0_ref_clk | ps_block/axi_smc/inst/s00_entry_pipeline/s00_si_converter/inst/gen_axilite_conv.axilite_conv_inst/aw_incr[0]                                                       | ps_block/axi_smc/inst/s00_entry_pipeline/s00_si_converter/inst/areset                                                                                 |                1 |              6 |         6.00 |
|  ps_block/versal_cips_0/U0/pspmc_0/U0/pl0_ref_clk | ps_block/rst_versal_cips_0_100M/U0/SEQ/seq_cnt_en                                                                                                                  | ps_block/rst_versal_cips_0_100M/U0/SEQ/seq_clr                                                                                                        |                1 |              6 |         6.00 |
|  ps_block/versal_cips_0/U0/pspmc_0/U0/pl0_ref_clk | ps_block/axi_smc/inst/clk_map/psr_aclk/U0/SEQ/seq_cnt_en                                                                                                           | ps_block/axi_smc/inst/clk_map/psr_aclk/U0/SEQ/seq_clr                                                                                                 |                1 |              6 |         6.00 |
|  ps_block/versal_cips_0/U0/pspmc_0/U0/pl0_ref_clk | ps_block/axi_smc/inst/s00_entry_pipeline/s00_si_converter/inst/gen_axilite_conv.axilite_conv_inst/s_buser[0]                                                       | ps_block/axi_smc/inst/s00_entry_pipeline/s00_si_converter/inst/gen_axilite_conv.axilite_conv_inst/b_cnt[10]_i_1_n_0                                   |                2 |              7 |         3.50 |
|  ps_block/versal_cips_0/U0/pspmc_0/U0/pl0_ref_clk | ps_block/MyLEDIP_0/U0/p_1_in[31]                                                                                                                                   | ps_block/rst_versal_cips_0_100M/U0/peripheral_aresetn[0]                                                                                              |                2 |              8 |         4.00 |
|  ps_block/versal_cips_0/U0/pspmc_0/U0/pl0_ref_clk | ps_block/MyLEDIP_0/U0/p_1_in[23]                                                                                                                                   | ps_block/rst_versal_cips_0_100M/U0/peripheral_aresetn[0]                                                                                              |                2 |              8 |         4.00 |
|  ps_block/versal_cips_0/U0/pspmc_0/U0/pl0_ref_clk | ps_block/MyLEDIP_0/U0/slv_reg0[31]_i_1_n_0                                                                                                                         | ps_block/rst_versal_cips_0_100M/U0/peripheral_aresetn[0]                                                                                              |                2 |              8 |         4.00 |
|  ps_block/versal_cips_0/U0/pspmc_0/U0/pl0_ref_clk | ps_block/MyLEDIP_0/U0/slv_reg0[15]_i_1_n_0                                                                                                                         | ps_block/rst_versal_cips_0_100M/U0/peripheral_aresetn[0]                                                                                              |                2 |              8 |         4.00 |
|  ps_block/versal_cips_0/U0/pspmc_0/U0/pl0_ref_clk | ps_block/axi_smc/inst/s00_entry_pipeline/s00_si_converter/inst/gen_axilite_conv.axilite_conv_inst/r_beats[7]_i_1_n_0                                               | ps_block/axi_smc/inst/s00_entry_pipeline/s00_si_converter/inst/areset                                                                                 |                2 |              8 |         4.00 |
|  ps_block/versal_cips_0/U0/pspmc_0/U0/pl0_ref_clk | ps_block/MyLEDIP_0/U0/slv_reg2[7]_i_1_n_0                                                                                                                          | ps_block/rst_versal_cips_0_100M/U0/peripheral_aresetn[0]                                                                                              |                2 |              8 |         4.00 |
|  ps_block/versal_cips_0/U0/pspmc_0/U0/pl0_ref_clk | ps_block/MyLEDIP_0/U0/p_1_in[7]                                                                                                                                    | ps_block/rst_versal_cips_0_100M/U0/peripheral_aresetn[0]                                                                                              |                2 |              8 |         4.00 |
|  ps_block/versal_cips_0/U0/pspmc_0/U0/pl0_ref_clk | ps_block/MyLEDIP_0/U0/p_1_in[15]                                                                                                                                   | ps_block/rst_versal_cips_0_100M/U0/peripheral_aresetn[0]                                                                                              |                2 |              8 |         4.00 |
|  ps_block/versal_cips_0/U0/pspmc_0/U0/pl0_ref_clk | ps_block/axi_smc/inst/s00_entry_pipeline/s00_si_converter/inst/gen_axilite_conv.axilite_conv_inst/narrow_beats[0]                                                  | ps_block/axi_smc/inst/s00_entry_pipeline/s00_si_converter/inst/areset                                                                                 |                1 |              8 |         8.00 |
|  ps_block/versal_cips_0/U0/pspmc_0/U0/pl0_ref_clk | ps_block/axi_smc/inst/s00_entry_pipeline/s00_mmu/inst/gen_endpoint.decerr_slave_inst/gen_axi.gen_read.read_cnt[7]_i_1_n_0                                          | ps_block/axi_smc/inst/s00_entry_pipeline/s00_mmu/inst/areset                                                                                          |                2 |              8 |         4.00 |
|  ps_block/versal_cips_0/U0/pspmc_0/U0/pl0_ref_clk | ps_block/MyLEDIP_0/U0/slv_reg0[23]_i_1_n_0                                                                                                                         | ps_block/rst_versal_cips_0_100M/U0/peripheral_aresetn[0]                                                                                              |                2 |              8 |         4.00 |
|  ps_block/versal_cips_0/U0/pspmc_0/U0/pl0_ref_clk | ps_block/MyLEDIP_0/U0/slv_reg2[15]_i_1_n_0                                                                                                                         | ps_block/rst_versal_cips_0_100M/U0/peripheral_aresetn[0]                                                                                              |                2 |              8 |         4.00 |
|  ps_block/versal_cips_0/U0/pspmc_0/U0/pl0_ref_clk | ps_block/MyLEDIP_0/U0/slv_reg2[31]_i_1_n_0                                                                                                                         | ps_block/rst_versal_cips_0_100M/U0/peripheral_aresetn[0]                                                                                              |                2 |              8 |         4.00 |
|  ps_block/versal_cips_0/U0/pspmc_0/U0/pl0_ref_clk | ps_block/MyLEDIP_0/U0/slv_reg2[23]_i_1_n_0                                                                                                                         | ps_block/rst_versal_cips_0_100M/U0/peripheral_aresetn[0]                                                                                              |                2 |              8 |         4.00 |
|  ps_block/versal_cips_0/U0/pspmc_0/U0/pl0_ref_clk | ps_block/MyLEDIP_0/U0/slv_reg0[0]_i_1_n_0                                                                                                                          | ps_block/rst_versal_cips_0_100M/U0/peripheral_aresetn[0]                                                                                              |                3 |              9 |         3.00 |
|  ps_block/versal_cips_0/U0/pspmc_0/U0/pl0_ref_clk |                                                                                                                                                                    | ps_block/axi_smc/inst/s00_entry_pipeline/s00_mmu/inst/areset                                                                                          |                6 |             10 |         1.67 |
|  ps_block/versal_cips_0/U0/pspmc_0/U0/pl0_ref_clk | ps_block/axi_smc/inst/s00_entry_pipeline/s00_si_converter/inst/gen_axilite_conv.axilite_conv_inst/w_cnt[10]_i_1_n_0                                                | ps_block/axi_smc/inst/s00_entry_pipeline/s00_si_converter/inst/areset                                                                                 |                3 |             10 |         3.33 |
|  ps_block/versal_cips_0/U0/pspmc_0/U0/pl0_ref_clk | ps_block/axi_smc/inst/s00_entry_pipeline/s00_si_converter/inst/gen_axilite_conv.axilite_conv_inst/ar_cnt[9]_i_1_n_0                                                | ps_block/axi_smc/inst/s00_entry_pipeline/s00_si_converter/inst/areset                                                                                 |                5 |             10 |         2.00 |
|  ps_block/versal_cips_0/U0/pspmc_0/U0/pl0_ref_clk | ps_block/axi_smc/inst/s00_entry_pipeline/s00_si_converter/inst/gen_axilite_conv.axilite_conv_inst/ar_addr_d[3]_i_1_n_0                                             | ps_block/axi_smc/inst/s00_entry_pipeline/s00_si_converter/inst/areset                                                                                 |                5 |             12 |         2.40 |
|  ps_block/versal_cips_0/U0/pspmc_0/U0/pl0_ref_clk | ps_block/axi_smc/inst/s00_entry_pipeline/s00_si_converter/inst/gen_axilite_conv.axilite_conv_inst/w_pointer[3]_bret_i_1_n_0                                        | ps_block/axi_smc/inst/s00_entry_pipeline/s00_si_converter/inst/areset                                                                                 |                4 |             15 |         3.75 |
|  ps_block/versal_cips_0/U0/pspmc_0/U0/pl0_ref_clk | ps_block/axi_smc/inst/s00_entry_pipeline/s00_transaction_regulator/inst/gen_endpoint.gen_r_singleorder.r_singleorder/gen_id_reg.s_rid_i0                           |                                                                                                                                                       |                7 |             16 |         2.29 |
|  ps_block/versal_cips_0/U0/pspmc_0/U0/pl0_ref_clk | ps_block/axi_smc/inst/s00_entry_pipeline/s00_mmu/inst/gen_endpoint.decerr_slave_inst/gen_axi.gen_write.s_axi_bid_i[15]_i_1_n_0                                     | ps_block/axi_smc/inst/s00_entry_pipeline/s00_mmu/inst/areset                                                                                          |                3 |             16 |         5.33 |
|  ps_block/versal_cips_0/U0/pspmc_0/U0/pl0_ref_clk | ps_block/axi_smc/inst/s00_entry_pipeline/s00_mmu/inst/gen_endpoint.decerr_slave_inst/gen_axi.gen_read.s_axi_rid_i[15]_i_1_n_0                                      | ps_block/axi_smc/inst/s00_entry_pipeline/s00_mmu/inst/areset                                                                                          |                4 |             16 |         4.00 |
|  ps_block/versal_cips_0/U0/pspmc_0/U0/pl0_ref_clk | ps_block/axi_smc/inst/s00_entry_pipeline/s00_transaction_regulator/inst/gen_endpoint.gen_w_singleorder.w_singleorder/gen_id_reg.s_rid_i0                           |                                                                                                                                                       |                5 |             16 |         3.20 |
|  ps_block/versal_cips_0/U0/pspmc_0/U0/pl0_ref_clk | ps_block/axi_smc/inst/s00_entry_pipeline/s00_si_converter/inst/gen_axilite_conv.axilite_conv_inst/m_r_pointer[1]_i_1_n_0                                           | ps_block/axi_smc/inst/s00_entry_pipeline/s00_si_converter/inst/areset                                                                                 |                8 |             23 |         2.88 |
|  ps_block/versal_cips_0/U0/pspmc_0/U0/pl0_ref_clk |                                                                                                                                                                    | ps_block/axi_smc/inst/s00_entry_pipeline/s00_si_converter/inst/areset                                                                                 |               10 |             25 |         2.50 |
|  ps_block/versal_cips_0/U0/pspmc_0/U0/pl0_ref_clk |                                                                                                                                                                    | ps_block/axi_smc/inst/clk_map/psr_aclk/U0/interconnect_aresetn[0]                                                                                     |                5 |             27 |         5.40 |
|  ps_block/versal_cips_0/U0/pspmc_0/U0/pl0_ref_clk | ps_block/axi_smc/inst/s00_entry_pipeline/s00_si_converter/inst/gen_axilite_conv.axilite_conv_inst/s_axi_rdata_i[31]_i_1_n_0                                        | ps_block/axi_smc/inst/s00_entry_pipeline/s00_si_converter/inst/areset                                                                                 |                9 |             32 |         3.56 |
|  ps_block/versal_cips_0/U0/pspmc_0/U0/pl0_ref_clk | ps_block/axi_smc/inst/s00_entry_pipeline/s00_si_converter/inst/gen_axilite_conv.axilite_conv_inst/s_axi_rdata_i[63]_i_1_n_0                                        | ps_block/axi_smc/inst/s00_entry_pipeline/s00_si_converter/inst/areset                                                                                 |               10 |             32 |         3.20 |
|  ps_block/versal_cips_0/U0/pspmc_0/U0/pl0_ref_clk | ps_block/axi_smc/inst/s00_entry_pipeline/s00_si_converter/inst/gen_axilite_conv.axilite_conv_inst/s_axi_rdata_i[95]_i_1_n_0                                        | ps_block/axi_smc/inst/s00_entry_pipeline/s00_si_converter/inst/areset                                                                                 |                9 |             32 |         3.56 |
|  ps_block/versal_cips_0/U0/pspmc_0/U0/pl0_ref_clk | ps_block/axi_smc/inst/s00_nodes/s00_r_node/inst/inst_mi_handler/gen_normal_area.inst_fifo_node_payld/gen_reg_fifo.inst_reg_fifo/gen_single_rank.data[50]_i_1_n_0   |                                                                                                                                                       |                9 |             32 |         3.56 |
|  ps_block/versal_cips_0/U0/pspmc_0/U0/pl0_ref_clk | ps_block/axi_smc/inst/s00_entry_pipeline/s00_si_converter/inst/gen_axilite_conv.axilite_conv_inst/s_axi_rdata_i[127]_i_1_n_0                                       | ps_block/axi_smc/inst/s00_entry_pipeline/s00_si_converter/inst/areset                                                                                 |                9 |             32 |         3.56 |
|  ps_block/versal_cips_0/U0/pspmc_0/U0/pl0_ref_clk | ps_block/axi_smc/inst/s00_nodes/s00_w_node/inst/inst_mi_handler/gen_normal_area.inst_fifo_node_payld/gen_reg_fifo.inst_reg_fifo/gen_single_rank.data[51]_i_1_n_0   |                                                                                                                                                       |               10 |             36 |         3.60 |
|  ps_block/versal_cips_0/U0/pspmc_0/U0/pl0_ref_clk |                                                                                                                                                                    | ps_block/rst_versal_cips_0_100M/U0/peripheral_aresetn[0]                                                                                              |               11 |             37 |         3.36 |
|  ps_block/versal_cips_0/U0/pspmc_0/U0/pl0_ref_clk | ps_block/axi_smc/inst/s00_entry_pipeline/s00_si_converter/inst/gen_axilite_conv.axilite_conv_inst/aw_addr[3]_bret_i_1_n_0                                          | ps_block/axi_smc/inst/s00_entry_pipeline/s00_si_converter/inst/areset                                                                                 |                9 |             40 |         4.44 |
|  ps_block/versal_cips_0/U0/pspmc_0/U0/pl0_ref_clk | ps_block/axi_smc/inst/s00_entry_pipeline/s00_mmu/inst/aw_reg_stall/skid_buffer[1136]_i_1__0_n_0                                                                    |                                                                                                                                                       |               11 |             41 |         3.73 |
|  ps_block/versal_cips_0/U0/pspmc_0/U0/pl0_ref_clk | ps_block/axi_smc/inst/s00_entry_pipeline/s00_mmu/inst/ar_reg_stall/m_vector_i[0]                                                                                   |                                                                                                                                                       |               15 |             41 |         2.73 |
|  ps_block/versal_cips_0/U0/pspmc_0/U0/pl0_ref_clk | ps_block/axi_smc/inst/s00_entry_pipeline/s00_mmu/inst/ar_reg_stall/skid_buffer[1136]_i_1_n_0                                                                       |                                                                                                                                                       |               15 |             41 |         2.73 |
|  ps_block/versal_cips_0/U0/pspmc_0/U0/pl0_ref_clk | ps_block/axi_smc/inst/s00_entry_pipeline/s00_mmu/inst/aw_reg_stall/m_vector_i[0]                                                                                   |                                                                                                                                                       |               11 |             41 |         3.73 |
|  ps_block/versal_cips_0/U0/pspmc_0/U0/pl0_ref_clk | ps_block/axi_smc/inst/s00_entry_pipeline/s00_si_converter/inst/gen_axilite_conv.axilite_conv_inst/m_aruser[0]                                                      | ps_block/axi_smc/inst/s00_entry_pipeline/s00_si_converter/inst/areset                                                                                 |               13 |             55 |         4.23 |
|  ps_block/versal_cips_0/U0/pspmc_0/U0/pl0_ref_clk |                                                                                                                                                                    |                                                                                                                                                       |               29 |            121 |         4.17 |
+---------------------------------------------------+--------------------------------------------------------------------------------------------------------------------------------------------------------------------+-------------------------------------------------------------------------------------------------------------------------------------------------------+------------------+----------------+--------------+


