Copyright 1986-2022 Xilinx, Inc. All Rights Reserved. Copyright 2022-2025 Advanced Micro Devices, Inc. All Rights Reserved.
---------------------------------------------------------------------------------------------------------------------------------------------
| Tool Version : Vivado v.2025.2 (win64) Build 6299465 Fri Nov 14 19:35:11 GMT 2025
| Date         : Sun Mar 22 14:05:57 2026
| Host         : Mercury running 64-bit major release  (build 9200)
| Command      : report_drc -file route_report_drc_0.rpt -pb route_report_drc_0.pb -rpx route_report_drc_0.rpx
| Design       : led
| Device       : xcve2302-sfva784-1LP-e-S
| Speed File   : -1LP
| Design State : Fully Routed
---------------------------------------------------------------------------------------------------------------------------------------------

Report DRC

Table of Contents
-----------------
1. REPORT SUMMARY
2. REPORT DETAILS

1. REPORT SUMMARY
-----------------
            Netlist: netlist
          Floorplan: design_1
      Design limits: <entire design considered>
           Ruledeck: default
             Max checks: <unlimited>
             Checks found: 1
+-----------+----------+-------------------+--------+
| Rule      | Severity | Description       | Checks |
+-----------+----------+-------------------+--------+
| RTSTAT-10 | Warning  | No routable loads | 1      |
+-----------+----------+-------------------+--------+

2. REPORT DETAILS
-----------------
RTSTAT-10#1 Warning
No routable loads  
4532 net(s) have no routable loads. The problem bus(es) and/or net(s) are ps_block/versal_cips_0/U0/pspmc_0/U0/apu_event_o,
ps_block/versal_cips_0/U0/pspmc_0/U0/apu_event_standby_wfe[1:0],
ps_block/versal_cips_0/U0/pspmc_0/U0/apu_event_standby_wfi[1:0],
ps_block/versal_cips_0/U0/pspmc_0/U0/bscan_user1_usr_capture,
ps_block/versal_cips_0/U0/pspmc_0/U0/bscan_user1_usr_drck,
ps_block/versal_cips_0/U0/pspmc_0/U0/bscan_user1_usr_reset,
ps_block/versal_cips_0/U0/pspmc_0/U0/bscan_user1_usr_runtest,
ps_block/versal_cips_0/U0/pspmc_0/U0/bscan_user1_usr_sel,
ps_block/versal_cips_0/U0/pspmc_0/U0/bscan_user1_usr_shift,
ps_block/versal_cips_0/U0/pspmc_0/U0/bscan_user1_usr_tck,
ps_block/versal_cips_0/U0/pspmc_0/U0/bscan_user1_usr_tdi,
ps_block/versal_cips_0/U0/pspmc_0/U0/bscan_user1_usr_tms,
ps_block/versal_cips_0/U0/pspmc_0/U0/bscan_user1_usr_update,
ps_block/versal_cips_0/U0/pspmc_0/U0/bscan_user2_usr_capture,
ps_block/versal_cips_0/U0/pspmc_0/U0/bscan_user2_usr_drck
 (the first 15 of 888 listed nets/buses).
Related violations: <none>


