#-----------------------------------------------------------
# Vivado v2025.2 (64-bit)
# SW Build 6299465 on Fri Nov 14 19:35:11 GMT 2025
# IP Build 6300035 on Fri Nov 14 10:48:45 MST 2025
# SharedData Build 6298862 on Thu Nov 13 04:50:51 MST 2025
# Start of session at: Sun Mar 22 14:02:38 2026
# Process ID         : 39100
# Current directory  : J:/work/projects/versal/ledblink/hardware/ledblink.runs/synth_1
# Command line       : vivado.exe -log led.vds -product Vivado -mode batch -messageDb vivado.pb -notrace -source led.tcl
# Log file           : J:/work/projects/versal/ledblink/hardware/ledblink.runs/synth_1/led.vds
# Journal file       : J:/work/projects/versal/ledblink/hardware/ledblink.runs/synth_1\vivado.jou
# Running On         : Mercury
# Platform           : Windows Server 2016 or Windows 10
# Operating System   : 26200
# Processor Detail   : Intel(R) Core(TM) i9-14900KF
# CPU Frequency      : 3187 MHz
# CPU Physical cores : 24
# CPU Logical cores  : 32
# Host memory        : 137217 MB
# Swap memory        : 33554 MB
# Total Virtual      : 170771 MB
# Available Virtual  : 107062 MB
#-----------------------------------------------------------
source led.tcl -notrace
validate_noc  -part xcve2302-sfva784-1LP-e-S -no_compile 
